Microchip MPLAB XC8 Compiler V2.50

Linker command line:

-W-3 \
  --edf=C:\Program Files\Microchip\xc8\v2.50\pic\dat\20240725155939_en.msgs \
  -cn -h+dist/default/debug\music.X.debug.sym \
  --cmf=dist/default/debug\music.X.debug.cmf -z -Q18F4520 \
  -oC:\Users\92112\AppData\Local\Temp\xcAs6d4.\driver_tmp_3.o \
  --defsym=__MPLAB_BUILD=1 --fixupoverflow=error \
  -Mdist/default/debug/music.X.debug.map \
  --md=C:\Users\92112\AppData\Local\Temp\xcAs6d4.\driver_tmp_0.dat -E1 \
  -ver=XC8 Compiler --acfsm=1493 -ACODE=00h-07DBFh -ACONST=00h-07DBFh \
  -ASMALLCONST=0600h-06FFhx119,07D00h-07DBFh -AMEDIUMCONST=0600h-07DBFh \
  -ACOMRAM=01h-07Fh -AABS1=00h-05F3h -ABIGRAM=01h-05F3h \
  -ARAM=080h-0FFh,0100h-01FFhx4,0500h-05F3h -ABANK0=080h-0FFh \
  -ABANK1=0100h-01FFh -ABANK2=0200h-02FFh -ABANK3=0300h-03FFh \
  -ABANK4=0400h-04FFh -ABANK5=0500h-05F3h \
  -ASFR=0F80h-0F9Bh,0F9Dh-0FD3h,0FD5h-0FDAh,0FE0h-0FE2h,0FE8h-0FEAh,0FF0h-0FFCh \
  -ABIGSFR=0F80h-0F9Bh,0F9Dh-0FD3h,0FD5h-0FDAh,0FE0h-0FE2h,0FE8h-0FEAh,0FF0h-0FFCh \
  -ACONFIG=0300000h-030000Dh -AIDLOC=0200000h-0200007h \
  -AEEDATA=0F00000h-0F000FFh -peeprom_data=EEDATA \
  -preset_vec=00h,intcode=8h,intcodelo,powerup,init -pramtop=0600h \
  -psmallconst=SMALLCONST -pmediumconst=MEDIUMCONST -pconst=CONST \
  -AFARRAM=00h-00h \
  -prdata=COMRAM,nvrram=COMRAM,nvbit=COMRAM,rbss=COMRAM,rbit=COMRAM \
  -pfarbss=FARRAM,fardata=FARRAM,nvFARRAM=FARRAM \
  -pintsave_regs=BIGRAM,bigbss=BIGRAM,bigdata=BIGRAM -pbss=RAM \
  -pidata=CODE,irdata=CODE,ibigdata=CODE,ifardata=CODE -prparam=COMRAM \
  C:\Users\92112\AppData\Local\Temp\xcAs6d4.\driver_tmp_9.o \
  dist/default/debug\music.X.debug.o 

Object code version is 3.11

Machine type is 18F4520



                Name                               Link     Load   Length Selector   Space Scale
C:\Users\92112\AppData\Local\Temp\xcAs6d4.\driver_tmp_9.o
                idloc                            200000   200000        8        0       5
                config                           300000   300000        E        0       4
                init                                  E        E        4        4       0
                reset_vec                             0        0        4        0       0
dist/default/debug\music.X.debug.o
                intcode                               8        8        6        4       0
                idloc                            200000   200000        8        0       5
                config                           300000   300000        E        0       4
                temp                                 4F       4F        1        1       1
                mediumconst                        76B6     76B6      70A     3B5B       0
                text11                              6F2      6F2       C2        4       0
                text10                              90E      90E       A4        4       0
                text9                               1E4      1E4      1D2        4       0
                intcode_body                        7B4      7B4       B6        4       0
                text7                               A26      A26        8        4       0
                text6                               A10      A10       16        4       0
                text5                               630      630       C2        4       0
                text4                               86A      86A       A4        4       0
                text3                                12       12      1D2        4       0
                text2                               9E8      9E8       28        4       0
                text1                               3B6      3B6      142        4       0
                text0                               4F8      4F8      138        4       0
                cstackCOMRAM                          1        1       44        1       1
                dataCOMRAM                           45       45        6        1       1
                bssCOMRAM                            4B       4B        4        1       1
                cinit                               9B2      9B2       36        4       0
                idataCOMRAM                         A2E      A2E        6        4       0

TOTAL           Name                               Link     Load   Length     Space
        CLASS   CODE           
                intcode                               8        8        6         0
                init                                  E        E        4         0
                reset_vec                             0        0        4         0
                text11                              6F2      6F2       C2         0
                text10                              90E      90E       A4         0
                text9                               1E4      1E4      1D2         0
                intcode_body                        7B4      7B4       B6         0
                text7                               A26      A26        8         0
                text6                               A10      A10       16         0
                text5                               630      630       C2         0
                text4                               86A      86A       A4         0
                text3                                12       12      1D2         0
                text2                               9E8      9E8       28         0
                text1                               3B6      3B6      142         0
                text0                               4F8      4F8      138         0
                cinit                               9B2      9B2       36         0
                idataCOMRAM                         A2E      A2E        6         0

        CLASS   CONST          

        CLASS   SMALLCONST     

        CLASS   MEDIUMCONST    
                mediumconst                        76B6     76B6      70A         0

        CLASS   COMRAM         
                temp                                 4F       4F        1         1
                cstackCOMRAM                          1        1       44         1
                dataCOMRAM                           45       45        6         1
                bssCOMRAM                            4B       4B        4         1

        CLASS   ABS1           

        CLASS   BIGRAM         

        CLASS   RAM            

        CLASS   BANK0          

        CLASS   BANK1          

        CLASS   BANK2          

        CLASS   BANK3          

        CLASS   BANK4          

        CLASS   BANK5          

        CLASS   SFR            

        CLASS   BIGSFR         

        CLASS   CONFIG         
                config                           300000   300000        E         4

        CLASS   IDLOC          
                idloc                            200000   200000        8         5

        CLASS   EEDATA         

        CLASS   FARRAM         

        CLASS   HEAP           

        CLASS   STACK          



SEGMENTS        Name                           Load    Length   Top    Selector   Space  Class

                reset_vec                      000000  000004  000004         0       0  CODE    
                cstackCOMRAM                   000001  00004F  000050         1       1  COMRAM  
                intcode                        000008  000A2C  000A34         4       0  CODE    
                mediumconst                    0076B6  00070A  007DC0      3B5B       0  MEDIUMCO


UNUSED ADDRESS RANGES

        Name                Unused          Largest block    Delta
        BANK0            000080-0000FF               80
        BANK1            000100-0001FF              100
        BANK2            000200-0002FF              100
        BANK3            000300-0003FF              100
        BANK4            000400-0004FF              100
        BANK5            000500-0005F3               F4
        BIGRAM           000050-0005F3              5A4
        BIGSFR           000F80-000F9B               1C
                         000F9D-000FD3               37
                         000FD5-000FDA                6
                         000FE0-000FE2                3
                         000FE8-000FEA                3
                         000FF0-000FFC                D
        CODE             000004-000007                4
                         000A34-0076B5             6C82
        COMRAM           000050-00007F               30
        CONST            000004-000007                4
                         000A34-0076B5             6C82
        EEDATA           F00000-F000FF              100
        MEDIUMCONST      000A34-0076B5             6C82
        RAM              000080-0005F3              100
        SFR              000F80-000F9B               1C
                         000F9D-000FD3               37
                         000FD5-000FDA                6
                         000FE0-000FE2                3
                         000FE8-000FEA                3
                         000FF0-000FFC                D
        SMALLCONST       000A34-0076B5              100

                                  Symbol Table

?___awdiv                     cstackCOMRAM 00001A
?___lldiv                     cstackCOMRAM 00001A
?i2___awdiv                   cstackCOMRAM 000001
?i2___lldiv                   cstackCOMRAM 000001
Play_Melody@duration          cstackCOMRAM 000033
Play_Melody@i                 cstackCOMRAM 00003D
Play_Melody@light             cstackCOMRAM 000035
Play_Melody@melody            cstackCOMRAM 000031
Play_Melody@size              cstackCOMRAM 000037
Set_PWM_Frequency@freq        cstackCOMRAM 000027
Set_PWM_Frequency@prescaler   cstackCOMRAM 00002F
Variable_Delay@ms             cstackCOMRAM 00001A
_ADCON1                       (abs)        000FC1
_CCP1CON                      (abs)        000FBD
_CCPR1L                       (abs)        000FBE
_Hi_ISR                       intcode      000008
_INTCONbits                   (abs)        000FF2
_INTERRUPT_Initialize         text7        000A26
_IRCF0                        (abs)        007E9C
_IRCF1                        (abs)        007E9D
_IRCF2                        (abs)        007E9E
_LATD                         (abs)        000F8C
_PR2                          (abs)        000FCB
_PWM_Init                     text6        000A10
_Play_Melody                  text1        0003B6
_RCONbits                     (abs)        000FD0
_Set_PWM_Frequency            text3        000012
_Set_PWM_Frequency$311        cstackCOMRAM 00002B
_Set_PWM_Frequency$312        cstackCOMRAM 00002D
_T2CON                        (abs)        000FCA
_TRISBbits                    (abs)        000F93
_TRISCbits                    (abs)        000F94
_TRISDbits                    (abs)        000F95
_Variable_Delay               text2        0009E8
__HRAM                        (abs)        000000
__H__absolute__               __absolute__ 000000
__Habs1                       abs1         000000
__Hbank0                      bank0        000000
__Hbank1                      bank1        000000
__Hbank2                      bank2        000000
__Hbank3                      bank3        000000
__Hbank4                      bank4        000000
__Hbank5                      bank5        000000
__Hbigbss                     bigbss       000000
__Hbigdata                    bigdata      000000
__Hbigram                     bigram       000000
__Hbigsfr                     bigsfr       000000
__Hbss                        bss          000000
__HbssCOMRAM                  bssCOMRAM    000000
__Hcinit                      cinit        000000
__Hclrtext                    clrtext      000000
__Hcomram                     comram       000000
__Hconfig                     config       30000E
__Hconst                      const        000000
__HcstackCOMRAM               cstackCOMRAM 000000
__Hdata                       data         000000
__HdataCOMRAM                 dataCOMRAM   000000
__Heeprom_data                eeprom_data  000000
__Hfarbss                     farbss       000000
__Hfardata                    fardata      000000
__Hheap                       heap         000000
__Hibigdata                   ibigdata     000000
__Hidata                      idata        000000
__HidataCOMRAM                idataCOMRAM  000000
__Hidloc                      idloc        200008
__Hifardata                   ifardata     000000
__Hinit                       init         000012
__Hintcode                    intcode      00000E
__Hintcode_body               intcode_body 000000
__Hintcodelo                  intcodelo    00000E
__Hintentry                   intentry     000000
__Hintret                     intret       000000
__Hintsave_regs               intsave_regs 000000
__Hirdata                     irdata       000000
__Hmediumconst                mediumconst  007DC0
__HnvFARRAM                   nvFARRAM     000000
__Hnvbit                      nvbit        000000
__Hnvrram                     nvrram       000000
__Hparam                      rparam       000000
__Hpowerup                    powerup      00000E
__Hram                        ram          000000
__Hramtop                     ramtop       000600
__Hrbit                       rbit         000000
__Hrbss                       rbss         000000
__Hrdata                      rdata        000000
__Hreset_vec                  reset_vec    000004
__Hrparam                     rparam       000000
__Hsfr                        sfr          000000
__Hsivt_hi                    sivt_hi      000000
__Hsivt_lo                    sivt_lo      000000
__Hsmallconst                 smallconst   000000
__Hspace_0                    (abs)        007DC0
__Hspace_1                    (abs)        000050
__Hspace_2                    (abs)        000000
__Hspace_4                    (abs)        60000E
__Hstack                      stack        000000
__Hstruct                     struct       000000
__Htemp                       temp         000050
__Htext                       text         000000
__Htext0                      text0        000000
__Htext1                      text1        000000
__Htext10                     text10       000000
__Htext11                     text11       000000
__Htext2                      text2        000000
__Htext3                      text3        000000
__Htext4                      text4        000000
__Htext5                      text5        000000
__Htext6                      text6        000000
__Htext7                      text7        000000
__Htext9                      text9        000000
__LRAM                        (abs)        000001
__L__absolute__               __absolute__ 000000
__Labs1                       abs1         000000
__Lbank0                      bank0        000000
__Lbank1                      bank1        000000
__Lbank2                      bank2        000000
__Lbank3                      bank3        000000
__Lbank4                      bank4        000000
__Lbank5                      bank5        000000
__Lbigbss                     bigbss       000000
__Lbigdata                    bigdata      000000
__Lbigram                     bigram       000000
__Lbigsfr                     bigsfr       000000
__Lbss                        bss          000000
__LbssCOMRAM                  bssCOMRAM    000000
__Lcinit                      cinit        000000
__Lclrtext                    clrtext      000000
__Lcomram                     comram       000000
__Lconfig                     config       000000
__Lconst                      const        000000
__LcstackCOMRAM               cstackCOMRAM 000000
__Ldata                       data         000000
__LdataCOMRAM                 dataCOMRAM   000000
__Leeprom_data                eeprom_data  000000
__Lfarbss                     farbss       000000
__Lfardata                    fardata      000000
__Lheap                       heap         000000
__Libigdata                   ibigdata     000000
__Lidata                      idata        000000
__LidataCOMRAM                idataCOMRAM  000000
__Lidloc                      idloc        000000
__Lifardata                   ifardata     000000
__Linit                       init         00000E
__Lintcode                    intcode      000008
__Lintcode_body               intcode_body 000000
__Lintcodelo                  intcodelo    00000E
__Lintentry                   intentry     000000
__Lintret                     intret       000000
__Lintsave_regs               intsave_regs 000000
__Lirdata                     irdata       000000
__Lmediumconst                mediumconst  0076B6
__LnvFARRAM                   nvFARRAM     000000
__Lnvbit                      nvbit        000000
__Lnvrram                     nvrram       000000
__Lparam                      rparam       000000
__Lpowerup                    powerup      00000E
__Lram                        ram          000000
__Lramtop                     ramtop       000600
__Lrbit                       rbit         000000
__Lrbss                       rbss         000000
__Lrdata                      rdata        000000
__Lreset_vec                  reset_vec    000000
__Lrparam                     rparam       000000
__Lsfr                        sfr          000000
__Lsivt_hi                    sivt_hi      000000
__Lsivt_lo                    sivt_lo      000000
__Lsmallconst                 smallconst   000000
__Lspace_0                    (abs)        000000
__Lspace_1                    (abs)        000000
__Lspace_2                    (abs)        000000
__Lspace_4                    (abs)        000000
__Lstack                      stack        000000
__Lstruct                     struct       000000
__Ltemp                       temp         00004F
__Ltext                       text         000000
__Ltext0                      text0        000000
__Ltext1                      text1        000000
__Ltext10                     text10       000000
__Ltext11                     text11       000000
__Ltext2                      text2        000000
__Ltext3                      text3        000000
__Ltext4                      text4        000000
__Ltext5                      text5        000000
__Ltext6                      text6        000000
__Ltext7                      text7        000000
__Ltext9                      text9        000000
__S0                          (abs)        007DC0
__S1                          (abs)        000050
__S4                          (abs)        000000
__S5                          (abs)        000000
___awdiv                      text5        000630
___awdiv@counter              cstackCOMRAM 00001E
___awdiv@dividend             cstackCOMRAM 00001A
___awdiv@divisor              cstackCOMRAM 00001C
___awdiv@quotient             cstackCOMRAM 000020
___awdiv@sign                 cstackCOMRAM 00001F
___heap_hi                    (abs)        000000
___heap_lo                    (abs)        000000
___inthi_sp                   stack        000000
___inthi_stack_hi             stack        000000
___inthi_stack_lo             stack        000000
___intlo_sp                   stack        000000
___intlo_stack_hi             stack        000000
___intlo_stack_lo             stack        000000
___lldiv                      text4        00086A
___lldiv@counter              cstackCOMRAM 000026
___lldiv@dividend             cstackCOMRAM 00001A
___lldiv@divisor              cstackCOMRAM 00001E
___lldiv@quotient             cstackCOMRAM 000022
___param_bank                 (abs)        000000
___rparam_used                (abs)        000001
___sp                         stack        000000
___stack_hi                   stack        000000
___stack_lo                   stack        000000
__accesstop                   (abs)        000080
__activetblptr                (abs)        000002
__end_of_Hi_ISR               intcode_body 00086A
__end_of_INTERRUPT_Initialize text7        000A2E
__end_of_PWM_Init             text6        000A26
__end_of_Play_Melody          text1        0004F8
__end_of_Set_PWM_Frequency    text3        0001E4
__end_of_Variable_Delay       text2        000A10
__end_of___awdiv              text5        0006F2
__end_of___lldiv              text4        00090E
__end_of__initialization      cinit        0009DA
__end_of_durations            mediumconst  007987
__end_of_lights               mediumconst  007DBF
__end_of_main                 text0        000630
__end_of_melodies             mediumconst  007C57
__end_ofi2_Set_PWM_Frequency  text9        0003B6
__end_ofi2___awdiv            text11       0007B4
__end_ofi2___lldiv            text10       0009B2
__initialization              cinit        0009B2
__mediumconst                 mediumconst  0076B6
__pbssCOMRAM                  bssCOMRAM    00004B
__pcinit                      cinit        0009B2
__pcstackCOMRAM               cstackCOMRAM 000001
__pdataCOMRAM                 dataCOMRAM   000045
__pidataCOMRAM                idataCOMRAM  000A2E
__pintcode                    intcode      000008
__pintcode_body               intcode_body 0007B4
__pmediumconst                mediumconst  0076B6
__ptext0                      text0        0004F8
__ptext1                      text1        0003B6
__ptext10                     text10       00090E
__ptext11                     text11       0006F2
__ptext2                      text2        0009E8
__ptext3                      text3        000012
__ptext4                      text4        00086A
__ptext5                      text5        000630
__ptext6                      text6        000A10
__ptext7                      text7        000A26
__ptext9                      text9        0001E4
__ramtop                      ramtop       000600
__smallconst                  smallconst   000000
_durations                    mediumconst  0076B7
_lights                       mediumconst  007C57
_main                         text0        0004F8
_melodies                     mediumconst  007987
_prev_song_choice             dataCOMRAM   000045
_pwm_period                   bssCOMRAM    00004B
_size                         dataCOMRAM   000047
_song_choice                  dataCOMRAM   000049
btemp                         temp         00004F
end_of_initialization         cinit        0009DA
i2Set_PWM_Frequency@freq      cstackCOMRAM 00000E
i2Set_PWM_Frequency@prescaler cstackCOMRAM 000016
i2_Set_PWM_Frequency          text9        0001E4
i2_Set_PWM_Frequency$311      cstackCOMRAM 000012
i2_Set_PWM_Frequency$312      cstackCOMRAM 000014
i2___awdiv                    text11       0006F2
i2___awdiv@counter            cstackCOMRAM 000005
i2___awdiv@dividend           cstackCOMRAM 000001
i2___awdiv@divisor            cstackCOMRAM 000003
i2___awdiv@quotient           cstackCOMRAM 000007
i2___awdiv@sign               cstackCOMRAM 000006
i2___lldiv                    text10       00090E
i2___lldiv@counter            cstackCOMRAM 00000D
i2___lldiv@dividend           cstackCOMRAM 000001
i2___lldiv@divisor            cstackCOMRAM 000005
i2___lldiv@quotient           cstackCOMRAM 000009
int$flags                     temp         00004F
int_func                      intcode_body 0007B4
intlevel0                     text         000000
intlevel1                     text         000000
intlevel2                     text         000000
intlevel3                     text         000000
isa$std                       (abs)        000001
isa$xinst                     (abs)        000000
stackhi                       (abs)        000000
stacklo                       (abs)        000000
start                         init         00000E
start_initialization          cinit        0009B2
ttemp5                        temp         000050
ttemp6                        temp         000053
ttemp7                        temp         000057
wtemp8                        temp         000050


MODULE INFORMATION

Module		Function		Class		Link	Load	Size
newmain.c
		_Play_Melody   		CODE           	03B6	0000	322
		_main          		CODE           	04F8	0000	312
		_INTERRUPT_Initialize		CODE           	0A26	0000	8
		_Set_PWM_Frequency		CODE           	0012	0000	466
		_PWM_Init      		CODE           	0A10	0000	22
		_Hi_ISR        		CODE           	0008	0000	188
		_Variable_Delay		CODE           	09E8	0000	40

newmain.c estimated size: 1358

C:\Program Files\Microchip\xc8\v2.50\pic\sources\c99\common\__lldiv.c
		___lldiv       		CODE           	086A	0000	164

C:\Program Files\Microchip\xc8\v2.50\pic\sources\c99\common\__lldiv.c estimated size: 164

shared
		i2_Set_PWM_Frequency		CODE           	01E4	0000	466
		_durations     		MEDIUMCONST    	76B7	0000	720
		_lights        		MEDIUMCONST    	7C57	0000	360
		i2___awdiv     		CODE           	06F2	0000	194
		_melodies      		MEDIUMCONST    	7987	0000	720
		i2___lldiv     		CODE           	090E	0000	164
		__initialization		CODE           	09B2	0000	40

shared estimated size: 2664

C:\Program Files\Microchip\xc8\v2.50\pic\sources\c99\common\awdiv.c
		___awdiv       		CODE           	0630	0000	194

C:\Program Files\Microchip\xc8\v2.50\pic\sources\c99\common\awdiv.c estimated size: 194

